// Vitest Snapshot v1

exports[`Data > should match snapshot 1`] = `
<div>
  <div
    class="sc-bcXHqe sc-gswNZR sc-ipEyDJ lakRFM dcrRKX jSbNFb"
    direction="row"
  >
    <h1
      class="sc-eDvSVe jZisDL"
    >
      MIPISO.com
    </h1>
    <ul
      class="sc-jrcTuL fXPeUQ sc-kDvujY"
    >
      <li
        class="sc-eDvSVe jZisDL"
      >
        <a
          href="/"
        >
          Home
        </a>
      </li>
      <li
        class="sc-eDvSVe jZisDL"
      >
        <a
          href="/data"
        >
          Data
        </a>
      </li>
      <li
        class="sc-eDvSVe jZisDL"
      >
        <a
          href="/profile"
        >
          Profile
        </a>
      </li>
    </ul>
  </div>
  <div
    class="sc-bcXHqe sc-gswNZR sc-bqWxrE leBCrZ dcrRKX kdzNdp"
  >
    <h1>
      Data
    </h1>
  </div>
  <div
    class="sc-bcXHqe sc-gswNZR leBCrZ dcrRKX"
  >
    <div
      class="sc-bcXHqe leBCrZ"
      style="margin-top: 1rem; margin-bottom: 1rem;"
    >
      <button
        type="button"
      >
        viviendas
      </button>
    </div>
    <table
      class="sc-fEXmlR jXsuTM"
    >
      <thead>
        <tr>
          <th
            class="sc-bjfHbI hnoYfZ"
          >
            <div
              class="sc-bcXHqe lakRFM"
              direction="row"
            >
              Nombre
              <div
                class="sc-hHTYSt fzXdxU"
              >
                <svg
                  class="sc-pyfCe"
                  height="6"
                  width="12"
                >
                  <polygon
                    fill="#333"
                    points="6,0 0,6 12,6"
                  />
                  Sorry, your browser does not support inline SVG.
                </svg>
                <svg
                  class="sc-pyfCe"
                  height="6"
                  width="12"
                >
                  <polygon
                    fill="#333"
                    points="0,0 12,0 6,6"
                  />
                  Sorry, your browser does not support inline SVG.
                </svg>
              </div>
            </div>
          </th>
          <th
            class="sc-bjfHbI hnoYfZ"
          >
            Precio
          </th>
          <th
            class="sc-bjfHbI hnoYfZ"
          >
            <div
              class="sc-bcXHqe lakRFM"
              direction="row"
            >
              Tipo
              <div
                class="sc-hHTYSt fzXdxU"
              >
                <svg
                  class="sc-pyfCe"
                  height="6"
                  width="12"
                >
                  <polygon
                    fill="#333"
                    points="6,0 0,6 12,6"
                  />
                  Sorry, your browser does not support inline SVG.
                </svg>
                <svg
                  class="sc-pyfCe"
                  height="6"
                  width="12"
                >
                  <polygon
                    fill="#333"
                    points="0,0 12,0 6,6"
                  />
                  Sorry, your browser does not support inline SVG.
                </svg>
              </div>
            </div>
          </th>
        </tr>
      </thead>
      <tbody>
        <tr>
          <td
            class="sc-bjfHbI hnoYfZ"
          >
            Piso 1
          </td>
          <td
            class="sc-bjfHbI hnoYfZ"
          >
            <span
              style="color: green;"
            >
              100000
               €
            </span>
          </td>
          <td
            class="sc-bjfHbI hnoYfZ"
          >
            garaje
          </td>
        </tr>
        <tr>
          <td
            class="sc-bjfHbI hnoYfZ"
          >
            Piso 2
          </td>
          <td
            class="sc-bjfHbI hnoYfZ"
          >
            <span
              style="color: red;"
            >
              838000
               €
            </span>
          </td>
          <td
            class="sc-bjfHbI hnoYfZ"
          >
            chalets
          </td>
        </tr>
      </tbody>
    </table>
    <div
      class="sc-dIfARi cJZQWb"
    >
      <div
        class="sc-bcXHqe sc-idXgbr leBCrZ pCbZD"
      >
        <svg
          class="sc-pyfCe"
          height="20"
          width="20"
        >
          <polygon
            fill="#333"
            points="20,0 20,20 0,10"
          />
          Sorry, your browser does not support inline SVG.
        </svg>
        Pagina 
        1
         de 
        1
         
        <svg
          class="sc-pyfCe"
          height="20"
          width="20"
        >
          <polygon
            fill="#333"
            points="0,0 0,20 20,10"
          />
          Sorry, your browser does not support inline SVG.
        </svg>
      </div>
      <select
        id="pet-select"
        name="pets"
      >
        <option
          value="10"
        >
          10
        </option>
        <option
          value="25"
        >
          25
        </option>
        <option
          value="50"
        >
          50
        </option>
      </select>
    </div>
  </div>
</div>
`;
